---
source: polite/tests/readme.rs
expression: out
---
🤓 I am making friends in SQLite! I don't have any there yet...
shape: (0, 2)
┌─────┬──────┐
│ id  ┆ name │
│ --- ┆ ---  │
│ i64 ┆ str  │
╞═════╪══════╡
└─────┴──────┘
🪄 I have lovingly restored my friends into a Polars DataFrame:
shape: (3, 2)
┌─────┬─────────┐
│ id  ┆ name    │
│ --- ┆ ---     │
│ i64 ┆ str     │
╞═════╪═════════╡
│ 1   ┆ Alice   │
│ 2   ┆ Bob     │
│ 3   ┆ Charlie │
└─────┴─────────┘
🆒 My friends from Polars are now my friends in SQLite:
shape: (2, 2)
┌─────┬──────┐
│ id  ┆ name │
│ --- ┆ ---  │
│ i64 ┆ str  │
╞═════╪══════╡
│ 4   ┆ Dora │
│ 5   ┆ Eve  │
└─────┴──────┘
🎉 All my friends are politely gathered in a DataFrame:
shape: (5, 2)
┌─────┬─────────┐
│ id  ┆ name    │
│ --- ┆ ---     │
│ i64 ┆ str     │
╞═════╪═════════╡
│ 1   ┆ Alice   │
│ 2   ┆ Bob     │
│ 3   ┆ Charlie │
│ 4   ┆ Dora    │
│ 5   ┆ Eve     │
└─────┴─────────┘
